Output directory is /home/users/aspector/mosaic/mosaic_factor_paper/sim_data/robustness_sims/2025-09-01/21-48-07/
At seed=451, n=100, industry=EGY, sampling_method=ar1. at 0.94.
At seed=452, n=100, industry=EGY, sampling_method=ar1. at 240.72.
At seed=453, n=100, industry=EGY, sampling_method=ar1. at 241.63.
At seed=454, n=100, industry=EGY, sampling_method=ar1. at 242.38.
At seed=455, n=100, industry=EGY, sampling_method=ar1. at 243.24.
At seed=451, n=100, industry=EGY, sampling_method=garch. at 243.97.
At seed=452, n=100, industry=EGY, sampling_method=garch. at 244.62.
At seed=453, n=100, industry=EGY, sampling_method=garch. at 245.41.
At seed=454, n=100, industry=EGY, sampling_method=garch. at 246.12.
At seed=455, n=100, industry=EGY, sampling_method=garch. at 246.94.
At seed=451, n=100, industry=EGY, sampling_method=garch_ar1. at 247.64.
At seed=452, n=100, industry=EGY, sampling_method=garch_ar1. at 248.34.
At seed=453, n=100, industry=EGY, sampling_method=garch_ar1. at 249.15.
At seed=454, n=100, industry=EGY, sampling_method=garch_ar1. at 249.88.
At seed=455, n=100, industry=EGY, sampling_method=garch_ar1. at 250.54.
At seed=451, n=100, industry=EGY, sampling_method=mvn_arch. at 251.19.
At seed=452, n=100, industry=EGY, sampling_method=mvn_arch. at 252.02.
At seed=453, n=100, industry=EGY, sampling_method=mvn_arch. at 252.76.
At seed=454, n=100, industry=EGY, sampling_method=mvn_arch. at 253.52.
At seed=455, n=100, industry=EGY, sampling_method=mvn_arch. at 254.15.
At seed=451, n=200, industry=EGY, sampling_method=ar1. at 254.88.
At seed=452, n=200, industry=EGY, sampling_method=ar1. at 255.85.
At seed=453, n=200, industry=EGY, sampling_method=ar1. at 256.81.
At seed=454, n=200, industry=EGY, sampling_method=ar1. at 257.75.
At seed=455, n=200, industry=EGY, sampling_method=ar1. at 258.78.
At seed=451, n=200, industry=EGY, sampling_method=garch. at 260.01.
At seed=452, n=200, industry=EGY, sampling_method=garch. at 260.95.
At seed=453, n=200, industry=EGY, sampling_method=garch. at 262.0.
At seed=454, n=200, industry=EGY, sampling_method=garch. at 263.03.
At seed=455, n=200, industry=EGY, sampling_method=garch. at 263.94.
At seed=451, n=200, industry=EGY, sampling_method=garch_ar1. at 264.97.
At seed=452, n=200, industry=EGY, sampling_method=garch_ar1. at 265.96.
At seed=453, n=200, industry=EGY, sampling_method=garch_ar1. at 266.97.
At seed=454, n=200, industry=EGY, sampling_method=garch_ar1. at 267.87.
At seed=455, n=200, industry=EGY, sampling_method=garch_ar1. at 268.89.
At seed=451, n=200, industry=EGY, sampling_method=mvn_arch. at 269.98.
At seed=452, n=200, industry=EGY, sampling_method=mvn_arch. at 271.03.
At seed=453, n=200, industry=EGY, sampling_method=mvn_arch. at 272.06.
At seed=454, n=200, industry=EGY, sampling_method=mvn_arch. at 273.06.
At seed=455, n=200, industry=EGY, sampling_method=mvn_arch. at 274.04.
At seed=451, n=300, industry=EGY, sampling_method=ar1. at 274.95.
At seed=452, n=300, industry=EGY, sampling_method=ar1. at 276.22.
At seed=453, n=300, industry=EGY, sampling_method=ar1. at 277.66.
At seed=454, n=300, industry=EGY, sampling_method=ar1. at 278.88.
At seed=455, n=300, industry=EGY, sampling_method=ar1. at 280.21.
At seed=451, n=300, industry=EGY, sampling_method=garch. at 281.6.
At seed=452, n=300, industry=EGY, sampling_method=garch. at 282.81.
At seed=453, n=300, industry=EGY, sampling_method=garch. at 284.13.
At seed=454, n=300, industry=EGY, sampling_method=garch. at 285.36.
At seed=455, n=300, industry=EGY, sampling_method=garch. at 286.96.
At seed=451, n=300, industry=EGY, sampling_method=garch_ar1. at 288.23.
At seed=452, n=300, industry=EGY, sampling_method=garch_ar1. at 289.57.
At seed=453, n=300, industry=EGY, sampling_method=garch_ar1. at 290.88.
At seed=454, n=300, industry=EGY, sampling_method=garch_ar1. at 292.16.
At seed=455, n=300, industry=EGY, sampling_method=garch_ar1. at 293.52.
At seed=451, n=300, industry=EGY, sampling_method=mvn_arch. at 294.86.
At seed=452, n=300, industry=EGY, sampling_method=mvn_arch. at 296.11.
At seed=453, n=300, industry=EGY, sampling_method=mvn_arch. at 297.37.
At seed=454, n=300, industry=EGY, sampling_method=mvn_arch. at 298.71.
At seed=455, n=300, industry=EGY, sampling_method=mvn_arch. at 300.15.
At seed=451, n=400, industry=EGY, sampling_method=ar1. at 301.64.
At seed=452, n=400, industry=EGY, sampling_method=ar1. at 303.54.
At seed=453, n=400, industry=EGY, sampling_method=ar1. at 305.38.
At seed=454, n=400, industry=EGY, sampling_method=ar1. at 307.08.
At seed=455, n=400, industry=EGY, sampling_method=ar1. at 308.8.
At seed=451, n=400, industry=EGY, sampling_method=garch. at 310.49.
At seed=452, n=400, industry=EGY, sampling_method=garch. at 312.36.
At seed=453, n=400, industry=EGY, sampling_method=garch. at 314.17.
At seed=454, n=400, industry=EGY, sampling_method=garch. at 315.94.
At seed=455, n=400, industry=EGY, sampling_method=garch. at 317.79.
At seed=451, n=400, industry=EGY, sampling_method=garch_ar1. at 319.59.
At seed=452, n=400, industry=EGY, sampling_method=garch_ar1. at 321.41.
At seed=453, n=400, industry=EGY, sampling_method=garch_ar1. at 323.21.
At seed=454, n=400, industry=EGY, sampling_method=garch_ar1. at 324.94.
At seed=455, n=400, industry=EGY, sampling_method=garch_ar1. at 326.65.
At seed=451, n=400, industry=EGY, sampling_method=mvn_arch. at 328.37.
At seed=452, n=400, industry=EGY, sampling_method=mvn_arch. at 330.15.
At seed=453, n=400, industry=EGY, sampling_method=mvn_arch. at 331.84.
At seed=454, n=400, industry=EGY, sampling_method=mvn_arch. at 333.49.
At seed=455, n=400, industry=EGY, sampling_method=mvn_arch. at 335.04.
At seed=451, n=500, industry=EGY, sampling_method=ar1. at 336.62.
At seed=452, n=500, industry=EGY, sampling_method=ar1. at 338.64.
At seed=453, n=500, industry=EGY, sampling_method=ar1. at 340.71.
At seed=454, n=500, industry=EGY, sampling_method=ar1. at 342.63.
At seed=455, n=500, industry=EGY, sampling_method=ar1. at 344.48.
At seed=451, n=500, industry=EGY, sampling_method=garch. at 346.39.
At seed=452, n=500, industry=EGY, sampling_method=garch. at 348.43.
At seed=453, n=500, industry=EGY, sampling_method=garch. at 350.52.
At seed=454, n=500, industry=EGY, sampling_method=garch. at 352.36.
At seed=455, n=500, industry=EGY, sampling_method=garch. at 354.25.
At seed=451, n=500, industry=EGY, sampling_method=garch_ar1. at 356.19.
At seed=452, n=500, industry=EGY, sampling_method=garch_ar1. at 358.05.
At seed=453, n=500, industry=EGY, sampling_method=garch_ar1. at 359.96.
At seed=454, n=500, industry=EGY, sampling_method=garch_ar1. at 361.84.
At seed=455, n=500, industry=EGY, sampling_method=garch_ar1. at 363.7.
At seed=451, n=500, industry=EGY, sampling_method=mvn_arch. at 365.74.
At seed=452, n=500, industry=EGY, sampling_method=mvn_arch. at 367.64.
At seed=453, n=500, industry=EGY, sampling_method=mvn_arch. at 369.65.
At seed=454, n=500, industry=EGY, sampling_method=mvn_arch. at 371.43.
At seed=455, n=500, industry=EGY, sampling_method=mvn_arch. at 373.21.
At seed=451, n=100, industry=FIN, sampling_method=ar1. at 375.22.
At seed=452, n=100, industry=FIN, sampling_method=ar1. at 377.66.
At seed=453, n=100, industry=FIN, sampling_method=ar1. at 380.18.
At seed=454, n=100, industry=FIN, sampling_method=ar1. at 382.63.
At seed=455, n=100, industry=FIN, sampling_method=ar1. at 385.28.
At seed=451, n=100, industry=FIN, sampling_method=garch. at 387.82.
At seed=452, n=100, industry=FIN, sampling_method=garch. at 390.46.
At seed=453, n=100, industry=FIN, sampling_method=garch. at 392.99.
At seed=454, n=100, industry=FIN, sampling_method=garch. at 395.56.
At seed=455, n=100, industry=FIN, sampling_method=garch. at 398.16.
At seed=451, n=100, industry=FIN, sampling_method=garch_ar1. at 400.66.
At seed=452, n=100, industry=FIN, sampling_method=garch_ar1. at 403.26.
At seed=453, n=100, industry=FIN, sampling_method=garch_ar1. at 405.81.
At seed=454, n=100, industry=FIN, sampling_method=garch_ar1. at 408.43.
At seed=455, n=100, industry=FIN, sampling_method=garch_ar1. at 411.03.
At seed=451, n=100, industry=FIN, sampling_method=mvn_arch. at 414.03.
At seed=452, n=100, industry=FIN, sampling_method=mvn_arch. at 416.54.
At seed=453, n=100, industry=FIN, sampling_method=mvn_arch. at 419.15.
At seed=454, n=100, industry=FIN, sampling_method=mvn_arch. at 421.76.
At seed=455, n=100, industry=FIN, sampling_method=mvn_arch. at 424.46.
At seed=451, n=200, industry=FIN, sampling_method=ar1. at 426.99.
At seed=452, n=200, industry=FIN, sampling_method=ar1. at 430.91.
At seed=453, n=200, industry=FIN, sampling_method=ar1. at 434.82.
At seed=454, n=200, industry=FIN, sampling_method=ar1. at 438.78.
At seed=455, n=200, industry=FIN, sampling_method=ar1. at 442.78.
At seed=451, n=200, industry=FIN, sampling_method=garch. at 446.76.
At seed=452, n=200, industry=FIN, sampling_method=garch. at 450.97.
At seed=453, n=200, industry=FIN, sampling_method=garch. at 454.99.
At seed=454, n=200, industry=FIN, sampling_method=garch. at 459.11.
At seed=455, n=200, industry=FIN, sampling_method=garch. at 463.19.
At seed=451, n=200, industry=FIN, sampling_method=garch_ar1. at 467.11.
At seed=452, n=200, industry=FIN, sampling_method=garch_ar1. at 471.1.
At seed=453, n=200, industry=FIN, sampling_method=garch_ar1. at 475.17.
At seed=454, n=200, industry=FIN, sampling_method=garch_ar1. at 479.28.
At seed=455, n=200, industry=FIN, sampling_method=garch_ar1. at 483.46.
At seed=451, n=200, industry=FIN, sampling_method=mvn_arch. at 487.4.
At seed=452, n=200, industry=FIN, sampling_method=mvn_arch. at 491.71.
At seed=453, n=200, industry=FIN, sampling_method=mvn_arch. at 495.57.
At seed=454, n=200, industry=FIN, sampling_method=mvn_arch. at 499.81.
At seed=455, n=200, industry=FIN, sampling_method=mvn_arch. at 503.85.
At seed=451, n=300, industry=FIN, sampling_method=ar1. at 507.82.
At seed=452, n=300, industry=FIN, sampling_method=ar1. at 513.05.
At seed=453, n=300, industry=FIN, sampling_method=ar1. at 518.23.
At seed=454, n=300, industry=FIN, sampling_method=ar1. at 523.44.
At seed=455, n=300, industry=FIN, sampling_method=ar1. at 528.6.
At seed=451, n=300, industry=FIN, sampling_method=garch. at 533.71.
At seed=452, n=300, industry=FIN, sampling_method=garch. at 539.0.
At seed=453, n=300, industry=FIN, sampling_method=garch. at 544.35.
At seed=454, n=300, industry=FIN, sampling_method=garch. at 549.56.
At seed=455, n=300, industry=FIN, sampling_method=garch. at 554.88.
At seed=451, n=300, industry=FIN, sampling_method=garch_ar1. at 559.92.
At seed=452, n=300, industry=FIN, sampling_method=garch_ar1. at 564.99.
At seed=453, n=300, industry=FIN, sampling_method=garch_ar1. at 570.26.
At seed=454, n=300, industry=FIN, sampling_method=garch_ar1. at 575.48.
At seed=455, n=300, industry=FIN, sampling_method=garch_ar1. at 580.66.
At seed=451, n=300, industry=FIN, sampling_method=mvn_arch. at 585.84.
At seed=452, n=300, industry=FIN, sampling_method=mvn_arch. at 591.05.
At seed=453, n=300, industry=FIN, sampling_method=mvn_arch. at 596.2.
At seed=454, n=300, industry=FIN, sampling_method=mvn_arch. at 601.68.
At seed=455, n=300, industry=FIN, sampling_method=mvn_arch. at 606.83.
At seed=451, n=400, industry=FIN, sampling_method=ar1. at 612.0.
At seed=452, n=400, industry=FIN, sampling_method=ar1. at 619.07.
At seed=453, n=400, industry=FIN, sampling_method=ar1. at 625.76.
At seed=454, n=400, industry=FIN, sampling_method=ar1. at 632.85.
At seed=455, n=400, industry=FIN, sampling_method=ar1. at 639.71.
At seed=451, n=400, industry=FIN, sampling_method=garch. at 646.61.
At seed=452, n=400, industry=FIN, sampling_method=garch. at 653.62.
At seed=453, n=400, industry=FIN, sampling_method=garch. at 660.49.
At seed=454, n=400, industry=FIN, sampling_method=garch. at 667.49.
At seed=455, n=400, industry=FIN, sampling_method=garch. at 674.42.
At seed=451, n=400, industry=FIN, sampling_method=garch_ar1. at 681.38.
At seed=452, n=400, industry=FIN, sampling_method=garch_ar1. at 688.21.
At seed=453, n=400, industry=FIN, sampling_method=garch_ar1. at 695.18.
At seed=454, n=400, industry=FIN, sampling_method=garch_ar1. at 702.05.
At seed=455, n=400, industry=FIN, sampling_method=garch_ar1. at 709.02.
At seed=451, n=400, industry=FIN, sampling_method=mvn_arch. at 715.9.
At seed=452, n=400, industry=FIN, sampling_method=mvn_arch. at 722.82.
At seed=453, n=400, industry=FIN, sampling_method=mvn_arch. at 729.7.
At seed=454, n=400, industry=FIN, sampling_method=mvn_arch. at 736.49.
At seed=455, n=400, industry=FIN, sampling_method=mvn_arch. at 743.28.
At seed=451, n=500, industry=FIN, sampling_method=ar1. at 750.29.
At seed=452, n=500, industry=FIN, sampling_method=ar1. at 758.85.
At seed=453, n=500, industry=FIN, sampling_method=ar1. at 767.1.
At seed=454, n=500, industry=FIN, sampling_method=ar1. at 775.44.
At seed=455, n=500, industry=FIN, sampling_method=ar1. at 783.83.
At seed=451, n=500, industry=FIN, sampling_method=garch. at 792.34.
At seed=452, n=500, industry=FIN, sampling_method=garch. at 800.48.
At seed=453, n=500, industry=FIN, sampling_method=garch. at 808.6.
At seed=454, n=500, industry=FIN, sampling_method=garch. at 816.96.
At seed=455, n=500, industry=FIN, sampling_method=garch. at 825.35.
At seed=451, n=500, industry=FIN, sampling_method=garch_ar1. at 833.94.
At seed=452, n=500, industry=FIN, sampling_method=garch_ar1. at 842.34.
At seed=453, n=500, industry=FIN, sampling_method=garch_ar1. at 850.77.
At seed=454, n=500, industry=FIN, sampling_method=garch_ar1. at 859.02.
At seed=455, n=500, industry=FIN, sampling_method=garch_ar1. at 867.18.
At seed=451, n=500, industry=FIN, sampling_method=mvn_arch. at 875.71.
At seed=452, n=500, industry=FIN, sampling_method=mvn_arch. at 884.17.
At seed=453, n=500, industry=FIN, sampling_method=mvn_arch. at 892.58.
At seed=454, n=500, industry=FIN, sampling_method=mvn_arch. at 901.07.
At seed=455, n=500, industry=FIN, sampling_method=mvn_arch. at 909.47.
At seed=451, n=100, industry=HLC, sampling_method=ar1. at 917.74.
At seed=452, n=100, industry=HLC, sampling_method=ar1. at 919.29.
At seed=453, n=100, industry=HLC, sampling_method=ar1. at 920.88.
At seed=454, n=100, industry=HLC, sampling_method=ar1. at 922.54.
At seed=455, n=100, industry=HLC, sampling_method=ar1. at 924.02.
At seed=451, n=100, industry=HLC, sampling_method=garch. at 925.61.
At seed=452, n=100, industry=HLC, sampling_method=garch. at 927.15.
At seed=453, n=100, industry=HLC, sampling_method=garch. at 928.72.
At seed=454, n=100, industry=HLC, sampling_method=garch. at 930.53.
At seed=455, n=100, industry=HLC, sampling_method=garch. at 932.12.
At seed=451, n=100, industry=HLC, sampling_method=garch_ar1. at 933.73.
At seed=452, n=100, industry=HLC, sampling_method=garch_ar1. at 935.44.
At seed=453, n=100, industry=HLC, sampling_method=garch_ar1. at 937.24.
At seed=454, n=100, industry=HLC, sampling_method=garch_ar1. at 938.71.
At seed=455, n=100, industry=HLC, sampling_method=garch_ar1. at 940.25.
At seed=451, n=100, industry=HLC, sampling_method=mvn_arch. at 941.71.
At seed=452, n=100, industry=HLC, sampling_method=mvn_arch. at 943.21.
At seed=453, n=100, industry=HLC, sampling_method=mvn_arch. at 944.8.
At seed=454, n=100, industry=HLC, sampling_method=mvn_arch. at 946.45.
At seed=455, n=100, industry=HLC, sampling_method=mvn_arch. at 947.83.
At seed=451, n=200, industry=HLC, sampling_method=ar1. at 949.38.
At seed=452, n=200, industry=HLC, sampling_method=ar1. at 951.99.
At seed=453, n=200, industry=HLC, sampling_method=ar1. at 954.43.
At seed=454, n=200, industry=HLC, sampling_method=ar1. at 956.96.
At seed=455, n=200, industry=HLC, sampling_method=ar1. at 959.41.
At seed=451, n=200, industry=HLC, sampling_method=garch. at 961.85.
At seed=452, n=200, industry=HLC, sampling_method=garch. at 964.42.
At seed=453, n=200, industry=HLC, sampling_method=garch. at 966.9.
At seed=454, n=200, industry=HLC, sampling_method=garch. at 969.4.
At seed=455, n=200, industry=HLC, sampling_method=garch. at 971.9.
At seed=451, n=200, industry=HLC, sampling_method=garch_ar1. at 974.33.
At seed=452, n=200, industry=HLC, sampling_method=garch_ar1. at 976.79.
At seed=453, n=200, industry=HLC, sampling_method=garch_ar1. at 979.18.
At seed=454, n=200, industry=HLC, sampling_method=garch_ar1. at 981.99.
At seed=455, n=200, industry=HLC, sampling_method=garch_ar1. at 984.31.
At seed=451, n=200, industry=HLC, sampling_method=mvn_arch. at 986.65.
At seed=452, n=200, industry=HLC, sampling_method=mvn_arch. at 989.04.
At seed=453, n=200, industry=HLC, sampling_method=mvn_arch. at 991.49.
At seed=454, n=200, industry=HLC, sampling_method=mvn_arch. at 994.17.
At seed=455, n=200, industry=HLC, sampling_method=mvn_arch. at 996.77.
At seed=451, n=300, industry=HLC, sampling_method=ar1. at 999.21.
At seed=452, n=300, industry=HLC, sampling_method=ar1. at 1002.7.
At seed=453, n=300, industry=HLC, sampling_method=ar1. at 1006.45.
At seed=454, n=300, industry=HLC, sampling_method=ar1. at 1009.95.
At seed=455, n=300, industry=HLC, sampling_method=ar1. at 1013.71.
At seed=451, n=300, industry=HLC, sampling_method=garch. at 1017.07.
At seed=452, n=300, industry=HLC, sampling_method=garch. at 1020.51.
At seed=453, n=300, industry=HLC, sampling_method=garch. at 1024.0.
At seed=454, n=300, industry=HLC, sampling_method=garch. at 1027.35.
At seed=455, n=300, industry=HLC, sampling_method=garch. at 1030.73.
At seed=451, n=300, industry=HLC, sampling_method=garch_ar1. at 1033.99.
At seed=452, n=300, industry=HLC, sampling_method=garch_ar1. at 1037.36.
At seed=453, n=300, industry=HLC, sampling_method=garch_ar1. at 1040.65.
At seed=454, n=300, industry=HLC, sampling_method=garch_ar1. at 1043.93.
At seed=455, n=300, industry=HLC, sampling_method=garch_ar1. at 1047.1.
At seed=451, n=300, industry=HLC, sampling_method=mvn_arch. at 1050.65.
At seed=452, n=300, industry=HLC, sampling_method=mvn_arch. at 1054.2.
At seed=453, n=300, industry=HLC, sampling_method=mvn_arch. at 1057.77.
At seed=454, n=300, industry=HLC, sampling_method=mvn_arch. at 1061.19.
At seed=455, n=300, industry=HLC, sampling_method=mvn_arch. at 1064.94.
At seed=451, n=400, industry=HLC, sampling_method=ar1. at 1068.45.
At seed=452, n=400, industry=HLC, sampling_method=ar1. at 1073.17.
At seed=453, n=400, industry=HLC, sampling_method=ar1. at 1078.0.
At seed=454, n=400, industry=HLC, sampling_method=ar1. at 1082.58.
At seed=455, n=400, industry=HLC, sampling_method=ar1. at 1087.3.
At seed=451, n=400, industry=HLC, sampling_method=garch. at 1091.79.
At seed=452, n=400, industry=HLC, sampling_method=garch. at 1096.18.
At seed=453, n=400, industry=HLC, sampling_method=garch. at 1100.67.
At seed=454, n=400, industry=HLC, sampling_method=garch. at 1105.15.
At seed=455, n=400, industry=HLC, sampling_method=garch. at 1109.7.
At seed=451, n=400, industry=HLC, sampling_method=garch_ar1. at 1114.28.
At seed=452, n=400, industry=HLC, sampling_method=garch_ar1. at 1119.03.
At seed=453, n=400, industry=HLC, sampling_method=garch_ar1. at 1123.63.
At seed=454, n=400, industry=HLC, sampling_method=garch_ar1. at 1128.38.
At seed=455, n=400, industry=HLC, sampling_method=garch_ar1. at 1132.96.
At seed=451, n=400, industry=HLC, sampling_method=mvn_arch. at 1137.66.
At seed=452, n=400, industry=HLC, sampling_method=mvn_arch. at 1142.28.
At seed=453, n=400, industry=HLC, sampling_method=mvn_arch. at 1146.66.
At seed=454, n=400, industry=HLC, sampling_method=mvn_arch. at 1150.96.
At seed=455, n=400, industry=HLC, sampling_method=mvn_arch. at 1155.16.
At seed=451, n=500, industry=HLC, sampling_method=ar1. at 1159.31.
At seed=452, n=500, industry=HLC, sampling_method=ar1. at 1164.62.
At seed=453, n=500, industry=HLC, sampling_method=ar1. at 1169.78.
At seed=454, n=500, industry=HLC, sampling_method=ar1. at 1174.84.
At seed=455, n=500, industry=HLC, sampling_method=ar1. at 1180.04.
At seed=451, n=500, industry=HLC, sampling_method=garch. at 1185.21.
At seed=452, n=500, industry=HLC, sampling_method=garch. at 1190.43.
At seed=453, n=500, industry=HLC, sampling_method=garch. at 1195.67.
At seed=454, n=500, industry=HLC, sampling_method=garch. at 1200.9.
At seed=455, n=500, industry=HLC, sampling_method=garch. at 1205.8.
At seed=451, n=500, industry=HLC, sampling_method=garch_ar1. at 1210.83.
At seed=452, n=500, industry=HLC, sampling_method=garch_ar1. at 1215.83.
At seed=453, n=500, industry=HLC, sampling_method=garch_ar1. at 1221.05.
At seed=454, n=500, industry=HLC, sampling_method=garch_ar1. at 1226.43.
At seed=455, n=500, industry=HLC, sampling_method=garch_ar1. at 1231.75.
At seed=451, n=500, industry=HLC, sampling_method=mvn_arch. at 1237.44.
At seed=452, n=500, industry=HLC, sampling_method=mvn_arch. at 1242.94.
At seed=453, n=500, industry=HLC, sampling_method=mvn_arch. at 1248.39.
At seed=454, n=500, industry=HLC, sampling_method=mvn_arch. at 1254.0.
At seed=455, n=500, industry=HLC, sampling_method=mvn_arch. at 1259.3.
                                         pval statistic  ...     zstat disc
                                         mean      mean  ...      mean mean
n   method sampling_method industry                      ...               
100 MPT    ar1             EGY       0.654726  0.297901  ... -0.480218  0.0
                           FIN       0.410945  0.322553  ...  0.344433  0.2
                           HLC       0.441791  0.317143  ...  0.229538  0.2
           garch           EGY       1.000000  0.427367  ... -0.800000  0.0
                           FIN       1.000000  0.497074  ... -0.400000  0.0
                           HLC       1.000000  0.472904  ...  0.200000  0.0
           garch_ar1       EGY       0.492537  0.602839  ...  0.032455  0.2
                           FIN       0.672637  0.504528  ... -0.482096  0.0
                           HLC       0.701493  0.492175  ... -0.619692  0.0
           mvn_arch        EGY       0.477612  0.304965  ...  0.090440  0.2
                           FIN       0.353234  0.327577  ...  0.503651  0.2
                           HLC       0.357214  0.327491  ...  0.379965  0.0
200 MPT    ar1             EGY       0.384080  0.220123  ...  0.513982  0.2
                           FIN       0.626866  0.229998  ... -0.456044  0.0
                           HLC       0.448756  0.227276  ...  0.211950  0.2
           garch           EGY       1.000000  0.323950  ... -0.400000  0.0
                           FIN       1.000000  0.350930  ...  0.200000  0.0
                           HLC       1.000000  0.338033  ... -0.400000  0.0
           garch_ar1       EGY       0.599005  0.583306  ... -0.449370  0.0
                           FIN       0.624876  0.361818  ... -0.361848  0.0
                           HLC       0.301493  0.359641  ...  0.661770  0.2
           mvn_arch        EGY       0.367164  0.222936  ...  0.368697  0.2
                           FIN       0.293532  0.234870  ...  0.557895  0.0
                           HLC       0.663682  0.231926  ... -0.401173  0.2
300 MPT    ar1             EGY       0.410945  0.184481  ...  0.222920  0.0
                           FIN       0.605970  0.189350  ... -0.290223  0.0
                           HLC       0.637811  0.186404  ... -0.431713  0.2
           garch           EGY       1.000000  0.274646  ...  0.000000  0.0
                           FIN       1.000000  0.283911  ...  0.400000  0.0
                           HLC       1.000000  0.280459  ... -0.400000  0.0
           garch_ar1       EGY       0.424876  0.596650  ...  0.322330  0.0
                           FIN       0.567164  0.292382  ... -0.149285  0.2
                           HLC       0.375124  0.320719  ...  0.388310  0.0
           mvn_arch        EGY       0.491542  0.186345  ...  0.045070  0.2
                           FIN       0.406965  0.193720  ...  0.420952  0.2
                           HLC       0.522388  0.190094  ... -0.035755  0.2
400 MPT    ar1             EGY       0.367164  0.165486  ...  0.468453  0.4
                           FIN       0.401990  0.165037  ...  0.332018  0.2
                           HLC       0.332338  0.163390  ...  0.487216  0.0
           garch           EGY       1.000000  0.250869  ...  0.000000  0.0
                           FIN       1.000000  0.245166  ... -0.400000  0.0
                           HLC       1.000000  0.242775  ... -0.200000  0.0
           garch_ar1       EGY       0.446766  0.624439  ...  0.194935  0.0
                           FIN       0.561194  0.251874  ... -0.262438  0.0
                           HLC       0.347264  0.284742  ...  0.509396  0.2
           mvn_arch        EGY       0.478607  0.166474  ...  0.128856  0.2
                           FIN       0.303483  0.169684  ...  0.641740  0.2
                           HLC       0.357214  0.165734  ...  0.357102  0.0
500 MPT    ar1             EGY       0.295522  0.152078  ...  0.846273  0.2
                           FIN       0.519403  0.148066  ...  0.040249  0.2
                           HLC       0.380100  0.147187  ...  0.451751  0.2
           garch           EGY       1.000000  0.233850  ...  0.200000  0.0
                           FIN       1.000000  0.220228  ...  0.000000  0.0
                           HLC       1.000000  0.218357  ...  0.000000  0.0
           garch_ar1       EGY       0.536318  0.621876  ... -0.156949  0.0
                           FIN       0.388060  0.227237  ...  0.398044  0.0
                           HLC       0.524378  0.293024  ... -0.089953  0.0
           mvn_arch        EGY       0.629851  0.150984  ... -0.401329  0.0
                           FIN       0.456716  0.151616  ...  0.091412  0.0
                           HLC       0.653731  0.148068  ... -0.649892  0.0

[60 rows x 5 columns]
