Output directory is /home/users/aspector/mosaic/mosaic_factor_paper/sim_data/robustness_sims/2025-09-01/23-53-58/
At seed=2761, n=300, industry=EGY, sampling_method=ar1. at 0.08.
At seed=2762, n=300, industry=EGY, sampling_method=ar1. at 0.54.
At seed=2763, n=300, industry=EGY, sampling_method=ar1. at 0.98.
At seed=2764, n=300, industry=EGY, sampling_method=ar1. at 1.41.
At seed=2765, n=300, industry=EGY, sampling_method=ar1. at 1.84.
At seed=2766, n=300, industry=EGY, sampling_method=ar1. at 2.27.
At seed=2767, n=300, industry=EGY, sampling_method=ar1. at 2.7.
At seed=2768, n=300, industry=EGY, sampling_method=ar1. at 3.12.
At seed=2769, n=300, industry=EGY, sampling_method=ar1. at 3.55.
At seed=2770, n=300, industry=EGY, sampling_method=ar1. at 3.96.
At seed=2771, n=300, industry=EGY, sampling_method=ar1. at 4.38.
At seed=2772, n=300, industry=EGY, sampling_method=ar1. at 4.8.
At seed=2773, n=300, industry=EGY, sampling_method=ar1. at 5.21.
At seed=2774, n=300, industry=EGY, sampling_method=ar1. at 5.62.
At seed=2775, n=300, industry=EGY, sampling_method=ar1. at 6.03.
At seed=2776, n=300, industry=EGY, sampling_method=ar1. at 6.45.
At seed=2777, n=300, industry=EGY, sampling_method=ar1. at 6.86.
At seed=2778, n=300, industry=EGY, sampling_method=ar1. at 7.28.
At seed=2779, n=300, industry=EGY, sampling_method=ar1. at 7.69.
At seed=2780, n=300, industry=EGY, sampling_method=ar1. at 8.1.
At seed=2761, n=300, industry=EGY, sampling_method=garch. at 8.52.
At seed=2762, n=300, industry=EGY, sampling_method=garch. at 8.94.
At seed=2763, n=300, industry=EGY, sampling_method=garch. at 9.36.
At seed=2764, n=300, industry=EGY, sampling_method=garch. at 9.79.
At seed=2765, n=300, industry=EGY, sampling_method=garch. at 10.21.
At seed=2766, n=300, industry=EGY, sampling_method=garch. at 10.63.
At seed=2767, n=300, industry=EGY, sampling_method=garch. at 11.05.
At seed=2768, n=300, industry=EGY, sampling_method=garch. at 11.48.
At seed=2769, n=300, industry=EGY, sampling_method=garch. at 11.9.
At seed=2770, n=300, industry=EGY, sampling_method=garch. at 12.32.
At seed=2771, n=300, industry=EGY, sampling_method=garch. at 12.74.
At seed=2772, n=300, industry=EGY, sampling_method=garch. at 13.16.
At seed=2773, n=300, industry=EGY, sampling_method=garch. at 13.59.
At seed=2774, n=300, industry=EGY, sampling_method=garch. at 14.01.
At seed=2775, n=300, industry=EGY, sampling_method=garch. at 14.43.
At seed=2776, n=300, industry=EGY, sampling_method=garch. at 14.85.
At seed=2777, n=300, industry=EGY, sampling_method=garch. at 15.27.
At seed=2778, n=300, industry=EGY, sampling_method=garch. at 15.7.
At seed=2779, n=300, industry=EGY, sampling_method=garch. at 16.12.
At seed=2780, n=300, industry=EGY, sampling_method=garch. at 16.54.
At seed=2761, n=300, industry=EGY, sampling_method=garch_ar1. at 16.96.
At seed=2762, n=300, industry=EGY, sampling_method=garch_ar1. at 17.38.
At seed=2763, n=300, industry=EGY, sampling_method=garch_ar1. at 17.81.
At seed=2764, n=300, industry=EGY, sampling_method=garch_ar1. at 18.23.
At seed=2765, n=300, industry=EGY, sampling_method=garch_ar1. at 18.65.
At seed=2766, n=300, industry=EGY, sampling_method=garch_ar1. at 19.07.
At seed=2767, n=300, industry=EGY, sampling_method=garch_ar1. at 19.49.
At seed=2768, n=300, industry=EGY, sampling_method=garch_ar1. at 19.91.
At seed=2769, n=300, industry=EGY, sampling_method=garch_ar1. at 20.33.
At seed=2770, n=300, industry=EGY, sampling_method=garch_ar1. at 20.75.
At seed=2771, n=300, industry=EGY, sampling_method=garch_ar1. at 21.18.
At seed=2772, n=300, industry=EGY, sampling_method=garch_ar1. at 21.6.
At seed=2773, n=300, industry=EGY, sampling_method=garch_ar1. at 22.02.
At seed=2774, n=300, industry=EGY, sampling_method=garch_ar1. at 22.44.
At seed=2775, n=300, industry=EGY, sampling_method=garch_ar1. at 22.87.
At seed=2776, n=300, industry=EGY, sampling_method=garch_ar1. at 23.29.
At seed=2777, n=300, industry=EGY, sampling_method=garch_ar1. at 23.71.
At seed=2778, n=300, industry=EGY, sampling_method=garch_ar1. at 24.13.
At seed=2779, n=300, industry=EGY, sampling_method=garch_ar1. at 24.55.
At seed=2780, n=300, industry=EGY, sampling_method=garch_ar1. at 24.98.
At seed=2761, n=300, industry=EGY, sampling_method=mvn_arch. at 25.39.
At seed=2762, n=300, industry=EGY, sampling_method=mvn_arch. at 25.81.
At seed=2763, n=300, industry=EGY, sampling_method=mvn_arch. at 26.22.
At seed=2764, n=300, industry=EGY, sampling_method=mvn_arch. at 26.63.
At seed=2765, n=300, industry=EGY, sampling_method=mvn_arch. at 27.04.
At seed=2766, n=300, industry=EGY, sampling_method=mvn_arch. at 27.45.
At seed=2767, n=300, industry=EGY, sampling_method=mvn_arch. at 27.86.
At seed=2768, n=300, industry=EGY, sampling_method=mvn_arch. at 28.27.
At seed=2769, n=300, industry=EGY, sampling_method=mvn_arch. at 28.68.
At seed=2770, n=300, industry=EGY, sampling_method=mvn_arch. at 29.09.
At seed=2771, n=300, industry=EGY, sampling_method=mvn_arch. at 29.5.
At seed=2772, n=300, industry=EGY, sampling_method=mvn_arch. at 29.91.
At seed=2773, n=300, industry=EGY, sampling_method=mvn_arch. at 30.32.
At seed=2774, n=300, industry=EGY, sampling_method=mvn_arch. at 30.73.
At seed=2775, n=300, industry=EGY, sampling_method=mvn_arch. at 31.15.
At seed=2776, n=300, industry=EGY, sampling_method=mvn_arch. at 31.56.
At seed=2777, n=300, industry=EGY, sampling_method=mvn_arch. at 31.97.
At seed=2778, n=300, industry=EGY, sampling_method=mvn_arch. at 32.38.
At seed=2779, n=300, industry=EGY, sampling_method=mvn_arch. at 32.8.
At seed=2780, n=300, industry=EGY, sampling_method=mvn_arch. at 33.21.
At seed=2761, n=300, industry=FIN, sampling_method=ar1. at 33.63.
At seed=2762, n=300, industry=FIN, sampling_method=ar1. at 35.22.
At seed=2763, n=300, industry=FIN, sampling_method=ar1. at 36.81.
At seed=2764, n=300, industry=FIN, sampling_method=ar1. at 38.39.
At seed=2765, n=300, industry=FIN, sampling_method=ar1. at 39.98.
At seed=2766, n=300, industry=FIN, sampling_method=ar1. at 41.56.
At seed=2767, n=300, industry=FIN, sampling_method=ar1. at 43.14.
At seed=2768, n=300, industry=FIN, sampling_method=ar1. at 44.72.
At seed=2769, n=300, industry=FIN, sampling_method=ar1. at 46.29.
At seed=2770, n=300, industry=FIN, sampling_method=ar1. at 47.87.
At seed=2771, n=300, industry=FIN, sampling_method=ar1. at 49.46.
At seed=2772, n=300, industry=FIN, sampling_method=ar1. at 51.05.
At seed=2773, n=300, industry=FIN, sampling_method=ar1. at 52.64.
At seed=2774, n=300, industry=FIN, sampling_method=ar1. at 54.22.
At seed=2775, n=300, industry=FIN, sampling_method=ar1. at 55.81.
At seed=2776, n=300, industry=FIN, sampling_method=ar1. at 57.38.
At seed=2777, n=300, industry=FIN, sampling_method=ar1. at 58.96.
At seed=2778, n=300, industry=FIN, sampling_method=ar1. at 60.55.
At seed=2779, n=300, industry=FIN, sampling_method=ar1. at 62.13.
At seed=2780, n=300, industry=FIN, sampling_method=ar1. at 63.72.
At seed=2761, n=300, industry=FIN, sampling_method=garch. at 65.3.
At seed=2762, n=300, industry=FIN, sampling_method=garch. at 66.9.
At seed=2763, n=300, industry=FIN, sampling_method=garch. at 68.49.
At seed=2764, n=300, industry=FIN, sampling_method=garch. at 70.09.
At seed=2765, n=300, industry=FIN, sampling_method=garch. at 71.68.
At seed=2766, n=300, industry=FIN, sampling_method=garch. at 73.28.
At seed=2767, n=300, industry=FIN, sampling_method=garch. at 74.88.
At seed=2768, n=300, industry=FIN, sampling_method=garch. at 76.47.
At seed=2769, n=300, industry=FIN, sampling_method=garch. at 78.07.
At seed=2770, n=300, industry=FIN, sampling_method=garch. at 79.67.
At seed=2771, n=300, industry=FIN, sampling_method=garch. at 81.26.
At seed=2772, n=300, industry=FIN, sampling_method=garch. at 82.86.
At seed=2773, n=300, industry=FIN, sampling_method=garch. at 84.45.
At seed=2774, n=300, industry=FIN, sampling_method=garch. at 86.04.
At seed=2775, n=300, industry=FIN, sampling_method=garch. at 87.69.
At seed=2776, n=300, industry=FIN, sampling_method=garch. at 89.29.
At seed=2777, n=300, industry=FIN, sampling_method=garch. at 90.9.
At seed=2778, n=300, industry=FIN, sampling_method=garch. at 92.5.
At seed=2779, n=300, industry=FIN, sampling_method=garch. at 94.11.
At seed=2780, n=300, industry=FIN, sampling_method=garch. at 95.7.
At seed=2761, n=300, industry=FIN, sampling_method=garch_ar1. at 97.3.
At seed=2762, n=300, industry=FIN, sampling_method=garch_ar1. at 98.91.
At seed=2763, n=300, industry=FIN, sampling_method=garch_ar1. at 100.5.
At seed=2764, n=300, industry=FIN, sampling_method=garch_ar1. at 102.1.
At seed=2765, n=300, industry=FIN, sampling_method=garch_ar1. at 103.7.
At seed=2766, n=300, industry=FIN, sampling_method=garch_ar1. at 105.3.
At seed=2767, n=300, industry=FIN, sampling_method=garch_ar1. at 106.9.
At seed=2768, n=300, industry=FIN, sampling_method=garch_ar1. at 108.5.
At seed=2769, n=300, industry=FIN, sampling_method=garch_ar1. at 110.1.
At seed=2770, n=300, industry=FIN, sampling_method=garch_ar1. at 111.7.
At seed=2771, n=300, industry=FIN, sampling_method=garch_ar1. at 113.3.
At seed=2772, n=300, industry=FIN, sampling_method=garch_ar1. at 114.89.
At seed=2773, n=300, industry=FIN, sampling_method=garch_ar1. at 116.49.
At seed=2774, n=300, industry=FIN, sampling_method=garch_ar1. at 118.09.
At seed=2775, n=300, industry=FIN, sampling_method=garch_ar1. at 119.7.
At seed=2776, n=300, industry=FIN, sampling_method=garch_ar1. at 121.3.
At seed=2777, n=300, industry=FIN, sampling_method=garch_ar1. at 122.9.
At seed=2778, n=300, industry=FIN, sampling_method=garch_ar1. at 124.49.
At seed=2779, n=300, industry=FIN, sampling_method=garch_ar1. at 126.09.
At seed=2780, n=300, industry=FIN, sampling_method=garch_ar1. at 127.69.
At seed=2761, n=300, industry=FIN, sampling_method=mvn_arch. at 129.29.
At seed=2762, n=300, industry=FIN, sampling_method=mvn_arch. at 130.89.
At seed=2763, n=300, industry=FIN, sampling_method=mvn_arch. at 132.49.
At seed=2764, n=300, industry=FIN, sampling_method=mvn_arch. at 134.09.
At seed=2765, n=300, industry=FIN, sampling_method=mvn_arch. at 135.68.
At seed=2766, n=300, industry=FIN, sampling_method=mvn_arch. at 137.28.
At seed=2767, n=300, industry=FIN, sampling_method=mvn_arch. at 138.88.
At seed=2768, n=300, industry=FIN, sampling_method=mvn_arch. at 140.48.
At seed=2769, n=300, industry=FIN, sampling_method=mvn_arch. at 142.07.
At seed=2770, n=300, industry=FIN, sampling_method=mvn_arch. at 143.67.
At seed=2771, n=300, industry=FIN, sampling_method=mvn_arch. at 145.27.
At seed=2772, n=300, industry=FIN, sampling_method=mvn_arch. at 146.87.
At seed=2773, n=300, industry=FIN, sampling_method=mvn_arch. at 148.46.
At seed=2774, n=300, industry=FIN, sampling_method=mvn_arch. at 150.06.
At seed=2775, n=300, industry=FIN, sampling_method=mvn_arch. at 151.66.
At seed=2776, n=300, industry=FIN, sampling_method=mvn_arch. at 153.27.
At seed=2777, n=300, industry=FIN, sampling_method=mvn_arch. at 154.87.
At seed=2778, n=300, industry=FIN, sampling_method=mvn_arch. at 156.47.
At seed=2779, n=300, industry=FIN, sampling_method=mvn_arch. at 158.07.
At seed=2780, n=300, industry=FIN, sampling_method=mvn_arch. at 159.67.
At seed=2761, n=300, industry=HLC, sampling_method=ar1. at 161.27.
At seed=2762, n=300, industry=HLC, sampling_method=ar1. at 162.37.
At seed=2763, n=300, industry=HLC, sampling_method=ar1. at 163.47.
At seed=2764, n=300, industry=HLC, sampling_method=ar1. at 164.62.
At seed=2765, n=300, industry=HLC, sampling_method=ar1. at 165.72.
At seed=2766, n=300, industry=HLC, sampling_method=ar1. at 166.82.
At seed=2767, n=300, industry=HLC, sampling_method=ar1. at 167.93.
At seed=2768, n=300, industry=HLC, sampling_method=ar1. at 169.03.
At seed=2769, n=300, industry=HLC, sampling_method=ar1. at 170.13.
At seed=2770, n=300, industry=HLC, sampling_method=ar1. at 171.23.
At seed=2771, n=300, industry=HLC, sampling_method=ar1. at 172.33.
At seed=2772, n=300, industry=HLC, sampling_method=ar1. at 173.43.
At seed=2773, n=300, industry=HLC, sampling_method=ar1. at 174.53.
At seed=2774, n=300, industry=HLC, sampling_method=ar1. at 175.66.
At seed=2775, n=300, industry=HLC, sampling_method=ar1. at 176.76.
At seed=2776, n=300, industry=HLC, sampling_method=ar1. at 177.86.
At seed=2777, n=300, industry=HLC, sampling_method=ar1. at 178.96.
At seed=2778, n=300, industry=HLC, sampling_method=ar1. at 180.07.
At seed=2779, n=300, industry=HLC, sampling_method=ar1. at 181.17.
At seed=2780, n=300, industry=HLC, sampling_method=ar1. at 182.27.
At seed=2761, n=300, industry=HLC, sampling_method=garch. at 183.37.
At seed=2762, n=300, industry=HLC, sampling_method=garch. at 184.48.
At seed=2763, n=300, industry=HLC, sampling_method=garch. at 185.59.
At seed=2764, n=300, industry=HLC, sampling_method=garch. at 186.71.
At seed=2765, n=300, industry=HLC, sampling_method=garch. at 187.82.
At seed=2766, n=300, industry=HLC, sampling_method=garch. at 188.93.
At seed=2767, n=300, industry=HLC, sampling_method=garch. at 190.04.
At seed=2768, n=300, industry=HLC, sampling_method=garch. at 191.16.
At seed=2769, n=300, industry=HLC, sampling_method=garch. at 192.27.
At seed=2770, n=300, industry=HLC, sampling_method=garch. at 193.39.
At seed=2771, n=300, industry=HLC, sampling_method=garch. at 194.5.
At seed=2772, n=300, industry=HLC, sampling_method=garch. at 195.62.
At seed=2773, n=300, industry=HLC, sampling_method=garch. at 196.73.
At seed=2774, n=300, industry=HLC, sampling_method=garch. at 197.85.
At seed=2775, n=300, industry=HLC, sampling_method=garch. at 198.96.
At seed=2776, n=300, industry=HLC, sampling_method=garch. at 200.08.
At seed=2777, n=300, industry=HLC, sampling_method=garch. at 201.2.
At seed=2778, n=300, industry=HLC, sampling_method=garch. at 202.31.
At seed=2779, n=300, industry=HLC, sampling_method=garch. at 203.42.
At seed=2780, n=300, industry=HLC, sampling_method=garch. at 204.53.
At seed=2761, n=300, industry=HLC, sampling_method=garch_ar1. at 205.64.
At seed=2762, n=300, industry=HLC, sampling_method=garch_ar1. at 206.74.
At seed=2763, n=300, industry=HLC, sampling_method=garch_ar1. at 207.84.
At seed=2764, n=300, industry=HLC, sampling_method=garch_ar1. at 208.94.
At seed=2765, n=300, industry=HLC, sampling_method=garch_ar1. at 210.06.
At seed=2766, n=300, industry=HLC, sampling_method=garch_ar1. at 211.17.
At seed=2767, n=300, industry=HLC, sampling_method=garch_ar1. at 212.29.
At seed=2768, n=300, industry=HLC, sampling_method=garch_ar1. at 213.41.
At seed=2769, n=300, industry=HLC, sampling_method=garch_ar1. at 214.52.
At seed=2770, n=300, industry=HLC, sampling_method=garch_ar1. at 215.63.
At seed=2771, n=300, industry=HLC, sampling_method=garch_ar1. at 216.73.
At seed=2772, n=300, industry=HLC, sampling_method=garch_ar1. at 217.83.
At seed=2773, n=300, industry=HLC, sampling_method=garch_ar1. at 218.93.
At seed=2774, n=300, industry=HLC, sampling_method=garch_ar1. at 220.03.
At seed=2775, n=300, industry=HLC, sampling_method=garch_ar1. at 221.14.
At seed=2776, n=300, industry=HLC, sampling_method=garch_ar1. at 222.24.
At seed=2777, n=300, industry=HLC, sampling_method=garch_ar1. at 223.34.
At seed=2778, n=300, industry=HLC, sampling_method=garch_ar1. at 224.44.
At seed=2779, n=300, industry=HLC, sampling_method=garch_ar1. at 225.55.
At seed=2780, n=300, industry=HLC, sampling_method=garch_ar1. at 226.66.
At seed=2761, n=300, industry=HLC, sampling_method=mvn_arch. at 227.77.
At seed=2762, n=300, industry=HLC, sampling_method=mvn_arch. at 228.88.
At seed=2763, n=300, industry=HLC, sampling_method=mvn_arch. at 229.99.
At seed=2764, n=300, industry=HLC, sampling_method=mvn_arch. at 231.1.
At seed=2765, n=300, industry=HLC, sampling_method=mvn_arch. at 232.21.
At seed=2766, n=300, industry=HLC, sampling_method=mvn_arch. at 233.32.
At seed=2767, n=300, industry=HLC, sampling_method=mvn_arch. at 234.42.
At seed=2768, n=300, industry=HLC, sampling_method=mvn_arch. at 235.52.
At seed=2769, n=300, industry=HLC, sampling_method=mvn_arch. at 236.63.
At seed=2770, n=300, industry=HLC, sampling_method=mvn_arch. at 237.74.
At seed=2771, n=300, industry=HLC, sampling_method=mvn_arch. at 238.85.
At seed=2772, n=300, industry=HLC, sampling_method=mvn_arch. at 239.96.
At seed=2773, n=300, industry=HLC, sampling_method=mvn_arch. at 241.08.
At seed=2774, n=300, industry=HLC, sampling_method=mvn_arch. at 242.19.
At seed=2775, n=300, industry=HLC, sampling_method=mvn_arch. at 243.3.
At seed=2776, n=300, industry=HLC, sampling_method=mvn_arch. at 244.42.
At seed=2777, n=300, industry=HLC, sampling_method=mvn_arch. at 245.52.
At seed=2778, n=300, industry=HLC, sampling_method=mvn_arch. at 246.62.
At seed=2779, n=300, industry=HLC, sampling_method=mvn_arch. at 247.71.
At seed=2780, n=300, industry=HLC, sampling_method=mvn_arch. at 248.81.
                                         pval statistic  ...     zstat  disc
                                         mean      mean  ...      mean  mean
n   method sampling_method industry                      ...                
300 MPT    ar1             EGY       0.519652  0.184262  ... -0.071126  0.05
                           FIN       0.513682  0.189233  ... -0.030949  0.10
                           HLC       0.450498  0.186966  ...  0.201792  0.10
           garch           EGY       0.614179  0.899357  ... -0.347466  0.05
                           FIN       0.482338  0.789565  ...  0.045164  0.15
                           HLC       0.604726  0.723392  ... -0.379780  0.05
           garch_ar1       EGY       0.598010  0.901434  ... -0.292456  0.10
                           FIN       0.448756  0.792379  ...  0.143607  0.15
                           HLC       0.619403  0.723174  ... -0.347445  0.05
           mvn_arch        EGY       0.622637  0.185304  ... -0.464878  0.00
                           FIN       0.539552  0.193726  ... -0.136849  0.05
                           HLC       0.370896  0.190619  ...  0.503515  0.20

[12 rows x 5 columns]
