Output directory is /home/users/aspector/mosaic/mosaic_factor_paper/sim_data/robustness_sims/2025-09-01/21-48-07/
At seed=446, n=100, industry=EGY, sampling_method=ar1. at 0.96.
At seed=447, n=100, industry=EGY, sampling_method=ar1. at 1.65.
At seed=448, n=100, industry=EGY, sampling_method=ar1. at 2.29.
At seed=449, n=100, industry=EGY, sampling_method=ar1. at 3.02.
At seed=450, n=100, industry=EGY, sampling_method=ar1. at 3.77.
At seed=446, n=100, industry=EGY, sampling_method=garch. at 4.75.
At seed=447, n=100, industry=EGY, sampling_method=garch. at 5.5.
At seed=448, n=100, industry=EGY, sampling_method=garch. at 6.14.
At seed=449, n=100, industry=EGY, sampling_method=garch. at 6.82.
At seed=450, n=100, industry=EGY, sampling_method=garch. at 7.52.
At seed=446, n=100, industry=EGY, sampling_method=garch_ar1. at 8.39.
At seed=447, n=100, industry=EGY, sampling_method=garch_ar1. at 9.01.
At seed=448, n=100, industry=EGY, sampling_method=garch_ar1. at 9.86.
At seed=449, n=100, industry=EGY, sampling_method=garch_ar1. at 10.64.
At seed=450, n=100, industry=EGY, sampling_method=garch_ar1. at 11.44.
At seed=446, n=100, industry=EGY, sampling_method=mvn_arch. at 12.1.
At seed=447, n=100, industry=EGY, sampling_method=mvn_arch. at 12.85.
At seed=448, n=100, industry=EGY, sampling_method=mvn_arch. at 13.57.
At seed=449, n=100, industry=EGY, sampling_method=mvn_arch. at 14.33.
At seed=450, n=100, industry=EGY, sampling_method=mvn_arch. at 14.85.
At seed=446, n=200, industry=EGY, sampling_method=ar1. at 15.41.
At seed=447, n=200, industry=EGY, sampling_method=ar1. at 16.4.
At seed=448, n=200, industry=EGY, sampling_method=ar1. at 17.26.
At seed=449, n=200, industry=EGY, sampling_method=ar1. at 18.25.
At seed=450, n=200, industry=EGY, sampling_method=ar1. at 19.13.
At seed=446, n=200, industry=EGY, sampling_method=garch. at 20.05.
At seed=447, n=200, industry=EGY, sampling_method=garch. at 20.94.
At seed=448, n=200, industry=EGY, sampling_method=garch. at 21.88.
At seed=449, n=200, industry=EGY, sampling_method=garch. at 22.82.
At seed=450, n=200, industry=EGY, sampling_method=garch. at 23.82.
At seed=446, n=200, industry=EGY, sampling_method=garch_ar1. at 24.73.
At seed=447, n=200, industry=EGY, sampling_method=garch_ar1. at 25.62.
At seed=448, n=200, industry=EGY, sampling_method=garch_ar1. at 26.62.
At seed=449, n=200, industry=EGY, sampling_method=garch_ar1. at 27.55.
At seed=450, n=200, industry=EGY, sampling_method=garch_ar1. at 28.67.
At seed=446, n=200, industry=EGY, sampling_method=mvn_arch. at 29.58.
At seed=447, n=200, industry=EGY, sampling_method=mvn_arch. at 30.51.
At seed=448, n=200, industry=EGY, sampling_method=mvn_arch. at 31.5.
At seed=449, n=200, industry=EGY, sampling_method=mvn_arch. at 32.38.
At seed=450, n=200, industry=EGY, sampling_method=mvn_arch. at 33.32.
At seed=446, n=300, industry=EGY, sampling_method=ar1. at 34.2.
At seed=447, n=300, industry=EGY, sampling_method=ar1. at 35.48.
At seed=448, n=300, industry=EGY, sampling_method=ar1. at 36.71.
At seed=449, n=300, industry=EGY, sampling_method=ar1. at 37.91.
At seed=450, n=300, industry=EGY, sampling_method=ar1. at 39.14.
At seed=446, n=300, industry=EGY, sampling_method=garch. at 40.37.
At seed=447, n=300, industry=EGY, sampling_method=garch. at 41.71.
At seed=448, n=300, industry=EGY, sampling_method=garch. at 42.96.
At seed=449, n=300, industry=EGY, sampling_method=garch. at 44.29.
At seed=450, n=300, industry=EGY, sampling_method=garch. at 45.65.
At seed=446, n=300, industry=EGY, sampling_method=garch_ar1. at 46.94.
At seed=447, n=300, industry=EGY, sampling_method=garch_ar1. at 48.21.
At seed=448, n=300, industry=EGY, sampling_method=garch_ar1. at 49.52.
At seed=449, n=300, industry=EGY, sampling_method=garch_ar1. at 50.72.
At seed=450, n=300, industry=EGY, sampling_method=garch_ar1. at 52.23.
At seed=446, n=300, industry=EGY, sampling_method=mvn_arch. at 53.75.
At seed=447, n=300, industry=EGY, sampling_method=mvn_arch. at 54.98.
At seed=448, n=300, industry=EGY, sampling_method=mvn_arch. at 56.22.
At seed=449, n=300, industry=EGY, sampling_method=mvn_arch. at 57.43.
At seed=450, n=300, industry=EGY, sampling_method=mvn_arch. at 58.66.
At seed=446, n=400, industry=EGY, sampling_method=ar1. at 59.89.
At seed=447, n=400, industry=EGY, sampling_method=ar1. at 61.68.
At seed=448, n=400, industry=EGY, sampling_method=ar1. at 63.34.
At seed=449, n=400, industry=EGY, sampling_method=ar1. at 65.03.
At seed=450, n=400, industry=EGY, sampling_method=ar1. at 66.71.
At seed=446, n=400, industry=EGY, sampling_method=garch. at 68.48.
At seed=447, n=400, industry=EGY, sampling_method=garch. at 70.21.
At seed=448, n=400, industry=EGY, sampling_method=garch. at 71.83.
At seed=449, n=400, industry=EGY, sampling_method=garch. at 73.53.
At seed=450, n=400, industry=EGY, sampling_method=garch. at 75.2.
At seed=446, n=400, industry=EGY, sampling_method=garch_ar1. at 76.9.
At seed=447, n=400, industry=EGY, sampling_method=garch_ar1. at 78.63.
At seed=448, n=400, industry=EGY, sampling_method=garch_ar1. at 80.35.
At seed=449, n=400, industry=EGY, sampling_method=garch_ar1. at 82.1.
At seed=450, n=400, industry=EGY, sampling_method=garch_ar1. at 83.77.
At seed=446, n=400, industry=EGY, sampling_method=mvn_arch. at 85.45.
At seed=447, n=400, industry=EGY, sampling_method=mvn_arch. at 87.2.
At seed=448, n=400, industry=EGY, sampling_method=mvn_arch. at 88.99.
At seed=449, n=400, industry=EGY, sampling_method=mvn_arch. at 90.62.
At seed=450, n=400, industry=EGY, sampling_method=mvn_arch. at 92.27.
At seed=446, n=500, industry=EGY, sampling_method=ar1. at 93.91.
At seed=447, n=500, industry=EGY, sampling_method=ar1. at 95.75.
At seed=448, n=500, industry=EGY, sampling_method=ar1. at 97.77.
At seed=449, n=500, industry=EGY, sampling_method=ar1. at 99.78.
At seed=450, n=500, industry=EGY, sampling_method=ar1. at 101.62.
At seed=446, n=500, industry=EGY, sampling_method=garch. at 103.44.
At seed=447, n=500, industry=EGY, sampling_method=garch. at 105.35.
At seed=448, n=500, industry=EGY, sampling_method=garch. at 107.15.
At seed=449, n=500, industry=EGY, sampling_method=garch. at 109.06.
At seed=450, n=500, industry=EGY, sampling_method=garch. at 111.02.
At seed=446, n=500, industry=EGY, sampling_method=garch_ar1. at 112.85.
At seed=447, n=500, industry=EGY, sampling_method=garch_ar1. at 114.81.
At seed=448, n=500, industry=EGY, sampling_method=garch_ar1. at 116.82.
At seed=449, n=500, industry=EGY, sampling_method=garch_ar1. at 118.83.
At seed=450, n=500, industry=EGY, sampling_method=garch_ar1. at 120.98.
At seed=446, n=500, industry=EGY, sampling_method=mvn_arch. at 122.79.
At seed=447, n=500, industry=EGY, sampling_method=mvn_arch. at 124.57.
At seed=448, n=500, industry=EGY, sampling_method=mvn_arch. at 126.47.
At seed=449, n=500, industry=EGY, sampling_method=mvn_arch. at 128.43.
At seed=450, n=500, industry=EGY, sampling_method=mvn_arch. at 130.61.
At seed=446, n=100, industry=FIN, sampling_method=ar1. at 132.41.
At seed=447, n=100, industry=FIN, sampling_method=ar1. at 135.09.
At seed=448, n=100, industry=FIN, sampling_method=ar1. at 137.7.
At seed=449, n=100, industry=FIN, sampling_method=ar1. at 140.28.
At seed=450, n=100, industry=FIN, sampling_method=ar1. at 142.84.
At seed=446, n=100, industry=FIN, sampling_method=garch. at 145.46.
At seed=447, n=100, industry=FIN, sampling_method=garch. at 148.27.
At seed=448, n=100, industry=FIN, sampling_method=garch. at 150.94.
At seed=449, n=100, industry=FIN, sampling_method=garch. at 153.52.
At seed=450, n=100, industry=FIN, sampling_method=garch. at 156.25.
At seed=446, n=100, industry=FIN, sampling_method=garch_ar1. at 159.0.
At seed=447, n=100, industry=FIN, sampling_method=garch_ar1. at 161.77.
At seed=448, n=100, industry=FIN, sampling_method=garch_ar1. at 164.66.
At seed=449, n=100, industry=FIN, sampling_method=garch_ar1. at 167.42.
At seed=450, n=100, industry=FIN, sampling_method=garch_ar1. at 170.2.
At seed=446, n=100, industry=FIN, sampling_method=mvn_arch. at 172.9.
At seed=447, n=100, industry=FIN, sampling_method=mvn_arch. at 175.75.
At seed=448, n=100, industry=FIN, sampling_method=mvn_arch. at 178.61.
At seed=449, n=100, industry=FIN, sampling_method=mvn_arch. at 181.37.
At seed=450, n=100, industry=FIN, sampling_method=mvn_arch. at 183.96.
At seed=446, n=200, industry=FIN, sampling_method=ar1. at 186.63.
At seed=447, n=200, industry=FIN, sampling_method=ar1. at 190.68.
At seed=448, n=200, industry=FIN, sampling_method=ar1. at 194.65.
At seed=449, n=200, industry=FIN, sampling_method=ar1. at 198.93.
At seed=450, n=200, industry=FIN, sampling_method=ar1. at 203.03.
At seed=446, n=200, industry=FIN, sampling_method=garch. at 207.13.
At seed=447, n=200, industry=FIN, sampling_method=garch. at 211.48.
At seed=448, n=200, industry=FIN, sampling_method=garch. at 215.77.
At seed=449, n=200, industry=FIN, sampling_method=garch. at 220.02.
At seed=450, n=200, industry=FIN, sampling_method=garch. at 224.15.
At seed=446, n=200, industry=FIN, sampling_method=garch_ar1. at 228.4.
At seed=447, n=200, industry=FIN, sampling_method=garch_ar1. at 232.5.
At seed=448, n=200, industry=FIN, sampling_method=garch_ar1. at 236.6.
At seed=449, n=200, industry=FIN, sampling_method=garch_ar1. at 240.79.
At seed=450, n=200, industry=FIN, sampling_method=garch_ar1. at 245.12.
At seed=446, n=200, industry=FIN, sampling_method=mvn_arch. at 249.26.
At seed=447, n=200, industry=FIN, sampling_method=mvn_arch. at 253.42.
At seed=448, n=200, industry=FIN, sampling_method=mvn_arch. at 257.44.
At seed=449, n=200, industry=FIN, sampling_method=mvn_arch. at 261.52.
At seed=450, n=200, industry=FIN, sampling_method=mvn_arch. at 265.57.
At seed=446, n=300, industry=FIN, sampling_method=ar1. at 269.74.
At seed=447, n=300, industry=FIN, sampling_method=ar1. at 275.13.
At seed=448, n=300, industry=FIN, sampling_method=ar1. at 280.74.
At seed=449, n=300, industry=FIN, sampling_method=ar1. at 286.07.
At seed=450, n=300, industry=FIN, sampling_method=ar1. at 291.41.
At seed=446, n=300, industry=FIN, sampling_method=garch. at 296.7.
At seed=447, n=300, industry=FIN, sampling_method=garch. at 301.91.
At seed=448, n=300, industry=FIN, sampling_method=garch. at 307.53.
At seed=449, n=300, industry=FIN, sampling_method=garch. at 313.12.
At seed=450, n=300, industry=FIN, sampling_method=garch. at 318.45.
At seed=446, n=300, industry=FIN, sampling_method=garch_ar1. at 323.75.
At seed=447, n=300, industry=FIN, sampling_method=garch_ar1. at 328.94.
At seed=448, n=300, industry=FIN, sampling_method=garch_ar1. at 334.36.
At seed=449, n=300, industry=FIN, sampling_method=garch_ar1. at 339.5.
At seed=450, n=300, industry=FIN, sampling_method=garch_ar1. at 344.82.
At seed=446, n=300, industry=FIN, sampling_method=mvn_arch. at 350.2.
At seed=447, n=300, industry=FIN, sampling_method=mvn_arch. at 355.35.
At seed=448, n=300, industry=FIN, sampling_method=mvn_arch. at 360.72.
At seed=449, n=300, industry=FIN, sampling_method=mvn_arch. at 365.88.
At seed=450, n=300, industry=FIN, sampling_method=mvn_arch. at 371.12.
At seed=446, n=400, industry=FIN, sampling_method=ar1. at 376.26.
At seed=447, n=400, industry=FIN, sampling_method=ar1. at 382.98.
At seed=448, n=400, industry=FIN, sampling_method=ar1. at 390.13.
At seed=449, n=400, industry=FIN, sampling_method=ar1. at 397.06.
At seed=450, n=400, industry=FIN, sampling_method=ar1. at 403.89.
At seed=446, n=400, industry=FIN, sampling_method=garch. at 410.8.
At seed=447, n=400, industry=FIN, sampling_method=garch. at 417.82.
At seed=448, n=400, industry=FIN, sampling_method=garch. at 424.99.
At seed=449, n=400, industry=FIN, sampling_method=garch. at 432.02.
At seed=450, n=400, industry=FIN, sampling_method=garch. at 438.88.
At seed=446, n=400, industry=FIN, sampling_method=garch_ar1. at 445.83.
At seed=447, n=400, industry=FIN, sampling_method=garch_ar1. at 453.06.
At seed=448, n=400, industry=FIN, sampling_method=garch_ar1. at 459.97.
At seed=449, n=400, industry=FIN, sampling_method=garch_ar1. at 466.89.
At seed=450, n=400, industry=FIN, sampling_method=garch_ar1. at 473.87.
At seed=446, n=400, industry=FIN, sampling_method=mvn_arch. at 480.76.
At seed=447, n=400, industry=FIN, sampling_method=mvn_arch. at 487.76.
At seed=448, n=400, industry=FIN, sampling_method=mvn_arch. at 494.73.
At seed=449, n=400, industry=FIN, sampling_method=mvn_arch. at 501.75.
At seed=450, n=400, industry=FIN, sampling_method=mvn_arch. at 508.83.
At seed=446, n=500, industry=FIN, sampling_method=ar1. at 515.83.
At seed=447, n=500, industry=FIN, sampling_method=ar1. at 524.14.
At seed=448, n=500, industry=FIN, sampling_method=ar1. at 532.61.
At seed=449, n=500, industry=FIN, sampling_method=ar1. at 540.95.
At seed=450, n=500, industry=FIN, sampling_method=ar1. at 549.39.
At seed=446, n=500, industry=FIN, sampling_method=garch. at 557.58.
At seed=447, n=500, industry=FIN, sampling_method=garch. at 565.93.
At seed=448, n=500, industry=FIN, sampling_method=garch. at 574.25.
At seed=449, n=500, industry=FIN, sampling_method=garch. at 582.66.
At seed=450, n=500, industry=FIN, sampling_method=garch. at 591.02.
At seed=446, n=500, industry=FIN, sampling_method=garch_ar1. at 599.33.
At seed=447, n=500, industry=FIN, sampling_method=garch_ar1. at 607.63.
At seed=448, n=500, industry=FIN, sampling_method=garch_ar1. at 615.84.
At seed=449, n=500, industry=FIN, sampling_method=garch_ar1. at 624.07.
At seed=450, n=500, industry=FIN, sampling_method=garch_ar1. at 632.44.
At seed=446, n=500, industry=FIN, sampling_method=mvn_arch. at 640.86.
At seed=447, n=500, industry=FIN, sampling_method=mvn_arch. at 649.19.
At seed=448, n=500, industry=FIN, sampling_method=mvn_arch. at 657.58.
At seed=449, n=500, industry=FIN, sampling_method=mvn_arch. at 666.01.
At seed=450, n=500, industry=FIN, sampling_method=mvn_arch. at 674.31.
At seed=446, n=100, industry=HLC, sampling_method=ar1. at 682.47.
At seed=447, n=100, industry=HLC, sampling_method=ar1. at 684.04.
At seed=448, n=100, industry=HLC, sampling_method=ar1. at 685.61.
At seed=449, n=100, industry=HLC, sampling_method=ar1. at 687.03.
At seed=450, n=100, industry=HLC, sampling_method=ar1. at 688.53.
At seed=446, n=100, industry=HLC, sampling_method=garch. at 690.13.
At seed=447, n=100, industry=HLC, sampling_method=garch. at 691.94.
At seed=448, n=100, industry=HLC, sampling_method=garch. at 693.63.
At seed=449, n=100, industry=HLC, sampling_method=garch. at 695.33.
At seed=450, n=100, industry=HLC, sampling_method=garch. at 696.95.
At seed=446, n=100, industry=HLC, sampling_method=garch_ar1. at 698.57.
At seed=447, n=100, industry=HLC, sampling_method=garch_ar1. at 700.09.
At seed=448, n=100, industry=HLC, sampling_method=garch_ar1. at 701.6.
At seed=449, n=100, industry=HLC, sampling_method=garch_ar1. at 703.36.
At seed=450, n=100, industry=HLC, sampling_method=garch_ar1. at 705.07.
At seed=446, n=100, industry=HLC, sampling_method=mvn_arch. at 706.59.
At seed=447, n=100, industry=HLC, sampling_method=mvn_arch. at 708.1.
At seed=448, n=100, industry=HLC, sampling_method=mvn_arch. at 709.85.
At seed=449, n=100, industry=HLC, sampling_method=mvn_arch. at 711.52.
At seed=450, n=100, industry=HLC, sampling_method=mvn_arch. at 713.17.
At seed=446, n=200, industry=HLC, sampling_method=ar1. at 714.69.
At seed=447, n=200, industry=HLC, sampling_method=ar1. at 717.3.
At seed=448, n=200, industry=HLC, sampling_method=ar1. at 719.95.
At seed=449, n=200, industry=HLC, sampling_method=ar1. at 722.68.
At seed=450, n=200, industry=HLC, sampling_method=ar1. at 725.32.
At seed=446, n=200, industry=HLC, sampling_method=garch. at 728.02.
At seed=447, n=200, industry=HLC, sampling_method=garch. at 730.8.
At seed=448, n=200, industry=HLC, sampling_method=garch. at 733.35.
At seed=449, n=200, industry=HLC, sampling_method=garch. at 736.01.
At seed=450, n=200, industry=HLC, sampling_method=garch. at 738.66.
At seed=446, n=200, industry=HLC, sampling_method=garch_ar1. at 741.23.
At seed=447, n=200, industry=HLC, sampling_method=garch_ar1. at 743.84.
At seed=448, n=200, industry=HLC, sampling_method=garch_ar1. at 746.5.
At seed=449, n=200, industry=HLC, sampling_method=garch_ar1. at 749.15.
At seed=450, n=200, industry=HLC, sampling_method=garch_ar1. at 751.89.
At seed=446, n=200, industry=HLC, sampling_method=mvn_arch. at 754.57.
At seed=447, n=200, industry=HLC, sampling_method=mvn_arch. at 757.23.
At seed=448, n=200, industry=HLC, sampling_method=mvn_arch. at 759.88.
At seed=449, n=200, industry=HLC, sampling_method=mvn_arch. at 762.54.
At seed=450, n=200, industry=HLC, sampling_method=mvn_arch. at 765.2.
At seed=446, n=300, industry=HLC, sampling_method=ar1. at 767.82.
At seed=447, n=300, industry=HLC, sampling_method=ar1. at 771.61.
At seed=448, n=300, industry=HLC, sampling_method=ar1. at 775.4.
At seed=449, n=300, industry=HLC, sampling_method=ar1. at 779.18.
At seed=450, n=300, industry=HLC, sampling_method=ar1. at 782.89.
At seed=446, n=300, industry=HLC, sampling_method=garch. at 786.6.
At seed=447, n=300, industry=HLC, sampling_method=garch. at 790.27.
At seed=448, n=300, industry=HLC, sampling_method=garch. at 793.94.
At seed=449, n=300, industry=HLC, sampling_method=garch. at 797.57.
At seed=450, n=300, industry=HLC, sampling_method=garch. at 801.33.
At seed=446, n=300, industry=HLC, sampling_method=garch_ar1. at 804.93.
At seed=447, n=300, industry=HLC, sampling_method=garch_ar1. at 808.56.
At seed=448, n=300, industry=HLC, sampling_method=garch_ar1. at 812.33.
At seed=449, n=300, industry=HLC, sampling_method=garch_ar1. at 816.06.
At seed=450, n=300, industry=HLC, sampling_method=garch_ar1. at 819.82.
At seed=446, n=300, industry=HLC, sampling_method=mvn_arch. at 823.54.
At seed=447, n=300, industry=HLC, sampling_method=mvn_arch. at 827.3.
At seed=448, n=300, industry=HLC, sampling_method=mvn_arch. at 831.02.
At seed=449, n=300, industry=HLC, sampling_method=mvn_arch. at 834.74.
At seed=450, n=300, industry=HLC, sampling_method=mvn_arch. at 838.42.
At seed=446, n=400, industry=HLC, sampling_method=ar1. at 842.15.
At seed=447, n=400, industry=HLC, sampling_method=ar1. at 847.13.
At seed=448, n=400, industry=HLC, sampling_method=ar1. at 852.23.
At seed=449, n=400, industry=HLC, sampling_method=ar1. at 857.46.
At seed=450, n=400, industry=HLC, sampling_method=ar1. at 862.35.
At seed=446, n=400, industry=HLC, sampling_method=garch. at 867.31.
At seed=447, n=400, industry=HLC, sampling_method=garch. at 872.5.
At seed=448, n=400, industry=HLC, sampling_method=garch. at 877.61.
At seed=449, n=400, industry=HLC, sampling_method=garch. at 882.71.
At seed=450, n=400, industry=HLC, sampling_method=garch. at 887.97.
At seed=446, n=400, industry=HLC, sampling_method=garch_ar1. at 892.99.
At seed=447, n=400, industry=HLC, sampling_method=garch_ar1. at 898.07.
At seed=448, n=400, industry=HLC, sampling_method=garch_ar1. at 903.33.
At seed=449, n=400, industry=HLC, sampling_method=garch_ar1. at 908.55.
At seed=450, n=400, industry=HLC, sampling_method=garch_ar1. at 913.65.
At seed=446, n=400, industry=HLC, sampling_method=mvn_arch. at 918.69.
At seed=447, n=400, industry=HLC, sampling_method=mvn_arch. at 923.7.
At seed=448, n=400, industry=HLC, sampling_method=mvn_arch. at 928.8.
At seed=449, n=400, industry=HLC, sampling_method=mvn_arch. at 934.14.
At seed=450, n=400, industry=HLC, sampling_method=mvn_arch. at 939.33.
At seed=446, n=500, industry=HLC, sampling_method=ar1. at 944.44.
At seed=447, n=500, industry=HLC, sampling_method=ar1. at 950.48.
At seed=448, n=500, industry=HLC, sampling_method=ar1. at 956.6.
At seed=449, n=500, industry=HLC, sampling_method=ar1. at 962.53.
At seed=450, n=500, industry=HLC, sampling_method=ar1. at 968.51.
At seed=446, n=500, industry=HLC, sampling_method=garch. at 974.35.
At seed=447, n=500, industry=HLC, sampling_method=garch. at 980.29.
At seed=448, n=500, industry=HLC, sampling_method=garch. at 986.77.
At seed=449, n=500, industry=HLC, sampling_method=garch. at 992.75.
At seed=450, n=500, industry=HLC, sampling_method=garch. at 998.84.
At seed=446, n=500, industry=HLC, sampling_method=garch_ar1. at 1004.81.
At seed=447, n=500, industry=HLC, sampling_method=garch_ar1. at 1010.76.
At seed=448, n=500, industry=HLC, sampling_method=garch_ar1. at 1016.83.
At seed=449, n=500, industry=HLC, sampling_method=garch_ar1. at 1022.89.
At seed=450, n=500, industry=HLC, sampling_method=garch_ar1. at 1028.83.
At seed=446, n=500, industry=HLC, sampling_method=mvn_arch. at 1034.8.
At seed=447, n=500, industry=HLC, sampling_method=mvn_arch. at 1040.66.
At seed=448, n=500, industry=HLC, sampling_method=mvn_arch. at 1046.54.
At seed=449, n=500, industry=HLC, sampling_method=mvn_arch. at 1052.46.
At seed=450, n=500, industry=HLC, sampling_method=mvn_arch. at 1058.42.
                                         pval statistic  ...     zstat disc
                                         mean      mean  ...      mean mean
n   method sampling_method industry                      ...               
100 MPT    ar1             EGY       0.666667  0.297224  ... -0.478502  0.0
                           FIN       0.640796  0.320991  ... -0.363670  0.0
                           HLC       0.295522  0.318454  ...  0.715275  0.4
           garch           EGY       1.000000  0.427368  ...  0.000000  0.0
                           FIN       1.000000  0.519770  ... -0.400000  0.0
                           HLC       1.000000  0.478873  ...  0.200000  0.0
           garch_ar1       EGY       0.668657  0.573358  ... -0.558878  0.0
                           FIN       0.572139  0.524609  ... -0.218981  0.0
                           HLC       0.622886  0.488934  ... -0.376584  0.0
           mvn_arch        EGY       0.342289  0.304712  ...  0.467738  0.0
                           FIN       0.447761  0.328148  ...  0.071053  0.2
                           HLC       0.706468  0.325499  ... -0.659477  0.0
200 MPT    ar1             EGY       0.370149  0.219842  ...  0.377892  0.2
                           FIN       0.737313  0.229488  ... -0.742078  0.0
                           HLC       0.358209  0.227414  ...  0.460721  0.2
           garch           EGY       1.000000  0.323948  ...  0.000000  0.0
                           FIN       1.000000  0.363356  ...  0.000000  0.0
                           HLC       1.000000  0.341499  ...  0.000000  0.0
           garch_ar1       EGY       0.524378  0.654605  ... -0.024754  0.2
                           FIN       0.385075  0.365507  ...  0.355519  0.2
                           HLC       0.564179  0.360296  ... -0.233098  0.0
           mvn_arch        EGY       0.451741  0.222841  ...  0.153203  0.0
                           FIN       0.341294  0.239079  ...  0.499821  0.2
                           HLC       0.658706  0.231198  ... -0.500717  0.0
300 MPT    ar1             EGY       0.586070  0.183663  ... -0.256097  0.0
                           FIN       0.540299  0.189169  ... -0.126664  0.0
                           HLC       0.652736  0.186172  ... -0.431741  0.0
           garch           EGY       1.000000  0.274646  ...  0.000000  0.0
                           FIN       1.000000  0.292474  ...  0.200000  0.0
                           HLC       1.000000  0.282912  ...  0.000000  0.0
           garch_ar1       EGY       0.447761  0.641013  ...  0.231917  0.2
                           FIN       0.333333  0.295044  ...  0.611743  0.2
                           HLC       0.575124  0.331023  ... -0.165964  0.0
           mvn_arch        EGY       0.285572  0.186615  ...  0.777801  0.2
                           FIN       0.537313  0.194699  ... -0.112015  0.0
                           HLC       0.432836  0.190569  ...  0.220927  0.0
400 MPT    ar1             EGY       0.572139  0.163177  ... -0.288587  0.0
                           FIN       0.540299  0.164574  ... -0.160359  0.2
                           HLC       0.690547  0.162109  ... -0.624063  0.0
           garch           EGY       1.000000  0.250870  ...  0.400000  0.0
                           FIN       1.000000  0.252405  ...  0.200000  0.0
                           HLC       1.000000  0.243961  ... -0.600000  0.0
           garch_ar1       EGY       0.436816  0.646204  ...  0.243008  0.4
                           FIN       0.265672  0.255392  ...  0.748246  0.4
                           HLC       0.461692  0.303648  ...  0.157788  0.0
           mvn_arch        EGY       0.282587  0.166888  ...  0.639624  0.2
                           FIN       0.398010  0.168743  ...  0.461169  0.4
                           HLC       0.423881  0.165196  ...  0.238458  0.0
500 MPT    ar1             EGY       0.508458  0.149415  ... -0.126078  0.0
                           FIN       0.570149  0.147859  ... -0.285745  0.0
                           HLC       0.564179  0.145993  ... -0.187253  0.0
           garch           EGY       1.000000  0.233850  ... -0.400000  0.0
                           FIN       1.000000  0.225813  ... -0.200000  0.0
                           HLC       1.000000  0.219468  ...  0.200000  0.0
           garch_ar1       EGY       0.270647  0.576833  ...  0.679143  0.2
                           FIN       0.496517  0.229018  ...  0.046079  0.2
                           HLC       0.528358  0.299305  ...  0.000988  0.2
           mvn_arch        EGY       0.612935  0.151887  ... -0.440718  0.0
                           FIN       0.500498  0.150639  ... -0.250905  0.0
                           HLC       0.388060  0.148881  ...  0.404729  0.2

[60 rows x 5 columns]
